
> my-app@0.1.0 test /app
> vitest


[1m[46m RUN [49m[22m [36mv4.0.16 [39m[90m/app[39m

 [32m✓[39m src/utils/validation.test.ts [2m([22m[2m5 tests[22m[2m)[22m[32m 5[2mms[22m[39m
 [32m✓[39m src/utils/fileUtils.test.ts [2m([22m[2m1 test[22m[2m)[22m[32m 7[2mms[22m[39m

[2m Test Files [22m [1m[32m2 passed[39m[22m[90m (2)[39m
[2m      Tests [22m [1m[32m6 passed[39m[22m[90m (6)[39m
[2m   Start at [22m 10:45:55
[2m   Duration [22m 718ms[2m (transform 116ms, setup 233ms, import 84ms, tests 13ms, environment 670ms)[22m
